info: Microsoft.AspNetCore.DataProtection.KeyManagement.XmlKeyManager[63]
      User profile is available. Using 'C:\Users\Torres\AppData\Local\ASP.NET\DataProtection-Keys' as key repository and Windows DPAPI to encrypt keys at rest.
info: Yarp.ReverseProxy.Configuration.ConfigProvider.ConfigurationConfigProvider[1]
      Loading proxy data from config.
info: MassTransit[0]
      Configured endpoint ReservaCreated, Consumer: ApiGateway.Consumers.ReservaCreatedConsumer
info: MassTransit[0]
      Configured endpoint ReservaConfirmed, Consumer: ApiGateway.Consumers.ReservaConfirmedConsumer
info: MassTransit[0]
      Configured endpoint ReservaCancelled, Consumer: ApiGateway.Consumers.ReservaCancelledConsumer
info: MassTransit[0]
      Configured endpoint HabitacionDisponibilidadChanged, Consumer: ApiGateway.Consumers.HabitacionDisponibilidadChangedConsumer
info: MassTransit[0]
      Configured endpoint AlojamientoEstadoChanged, Consumer: ApiGateway.Consumers.AlojamientoEstadoChangedConsumer
info: Microsoft.Hosting.Lifetime[14]
      Now listening on: http://localhost:5028
info: Microsoft.Hosting.Lifetime[0]
      Application started. Press Ctrl+C to shut down.
info: Microsoft.Hosting.Lifetime[0]
      Hosting environment: Production
info: Microsoft.Hosting.Lifetime[0]
      Content root path: C:\Users\Torres\Sistema Alojamiento RDA3\AlojamientoPrototipo
info: MassTransit[0]
      Bus started: rabbitmq://localhost/
info: Microsoft.AspNetCore.Hosting.Diagnostics[1]
      Request starting HTTP/1.1 POST http://localhost:5028/api/integrations/booking/reservation-created - application/json 197
info: Microsoft.AspNetCore.Routing.EndpointMiddleware[0]
      Executing endpoint 'HTTP: POST /api/integrations/booking/reservation-created'
info: Microsoft.AspNetCore.Http.Result.JsonResult[1]
      Setting HTTP status code 401.
info: Microsoft.AspNetCore.Http.Result.JsonResult[3]
      Writing value of type 'ApiResponse`1' as Json.
info: Microsoft.AspNetCore.Routing.EndpointMiddleware[1]
      Executed endpoint 'HTTP: POST /api/integrations/booking/reservation-created'
info: Microsoft.AspNetCore.Hosting.Diagnostics[2]
      Request finished HTTP/1.1 POST http://localhost:5028/api/integrations/booking/reservation-created - 401 - application/json;+charset=utf-8 140.0243ms
info: Microsoft.AspNetCore.Hosting.Diagnostics[1]
      Request starting HTTP/1.1 POST http://localhost:5028/api/integrations/booking/reservation-created - application/json 197
info: Microsoft.AspNetCore.Routing.EndpointMiddleware[0]
      Executing endpoint 'HTTP: POST /api/integrations/booking/reservation-created'
info: Microsoft.AspNetCore.Http.Result.JsonResult[1]
      Setting HTTP status code 401.
info: Microsoft.AspNetCore.Http.Result.JsonResult[3]
      Writing value of type 'ApiResponse`1' as Json.
info: Microsoft.AspNetCore.Routing.EndpointMiddleware[1]
      Executed endpoint 'HTTP: POST /api/integrations/booking/reservation-created'
info: Microsoft.AspNetCore.Hosting.Diagnostics[2]
      Request finished HTTP/1.1 POST http://localhost:5028/api/integrations/booking/reservation-created - 401 - application/json;+charset=utf-8 4.0140ms
info: Microsoft.AspNetCore.Hosting.Diagnostics[1]
      Request starting HTTP/1.1 POST http://localhost:5028/api/integrations/booking/reservation-created - application/json 197
info: Microsoft.AspNetCore.Routing.EndpointMiddleware[0]
      Executing endpoint 'HTTP: POST /api/integrations/booking/reservation-created'
info: Microsoft.AspNetCore.Http.Result.JsonResult[1]
      Setting HTTP status code 401.
info: Microsoft.AspNetCore.Http.Result.JsonResult[3]
      Writing value of type 'ApiResponse`1' as Json.
info: Microsoft.AspNetCore.Routing.EndpointMiddleware[1]
      Executed endpoint 'HTTP: POST /api/integrations/booking/reservation-created'
info: Microsoft.AspNetCore.Hosting.Diagnostics[2]
      Request finished HTTP/1.1 POST http://localhost:5028/api/integrations/booking/reservation-created - 401 - application/json;+charset=utf-8 0.6503ms
info: Microsoft.AspNetCore.Hosting.Diagnostics[1]
      Request starting HTTP/1.1 POST http://localhost:5028/api/integrations/booking/reservation-created - application/json 197
info: Microsoft.AspNetCore.Routing.EndpointMiddleware[0]
      Executing endpoint 'HTTP: POST /api/integrations/booking/reservation-created'
info: Microsoft.AspNetCore.Http.Result.JsonResult[1]
      Setting HTTP status code 401.
info: Microsoft.AspNetCore.Http.Result.JsonResult[3]
      Writing value of type 'ApiResponse`1' as Json.
info: Microsoft.AspNetCore.Routing.EndpointMiddleware[1]
      Executed endpoint 'HTTP: POST /api/integrations/booking/reservation-created'
info: Microsoft.AspNetCore.Hosting.Diagnostics[2]
      Request finished HTTP/1.1 POST http://localhost:5028/api/integrations/booking/reservation-created - 401 - application/json;+charset=utf-8 0.2286ms
